.\.venv\Scripts\pytho
n.exe : Creating 
test database for 
alias 'default' 
('test_new_gym')...
En línea: 1 
Carácter: 1
+ .\.venv\Scripts\pyt
hon.exe manage.py 
test sales -v 2 > 
test_output.tx ...
+ ~~~~~~~~~~~~~~~~~~~
~~~~~~~~~~~~~~~~~~~~~
~~~~~~~~~~~~~~~~~~~~~
~~~~~~~~
    + CategoryInfo   
           : NotSpe  
  cified: (Creatin   
 g test d...st_ne    
w_gym')...:Strin    
g) [], RemoteExc    
eption
    + FullyQualified 
   ErrorId : Native  
  CommandError
 

Found 1 test(s).
Operations to perform:
  Synchronize unmigrated apps: messages, staticfiles
  Apply all migrations: accounts, activities, admin, auth, clients, contenttypes, finance, marketing, memberships, organizations, products, sales, services, sessions, staff
Synchronizing apps without migrations:
  Creating tables...
    Running deferred SQL...
Running migrations:
  Applying organizations.0001_initial... OK
  Applying contenttypes.0001_initial... OK
  Applying contenttypes.0002_remove_content_type_name... OK
  Applying auth.0001_initial... OK
  Applying auth.0002_alter_permission_name_max_length... OK
  Applying auth.0003_alter_user_email_max_length... OK
  Applying auth.0004_alter_user_username_opts... OK
  Applying auth.0005_alter_user_last_login_null... OK
  Applying auth.0006_require_contenttypes_0002... OK
  Applying auth.0007_alter_validators_add_error_messages... OK
  Applying auth.0008_alter_user_username_max_length... OK
  Applying auth.0009_alter_user_last_name_max_length... OK
  Applying auth.0010_alter_group_name_max_length... OK
  Applying auth.0011_update_proxy_permissions... OK
  Applying auth.0012_alter_user_first_name_max_length... OK
  Applying accounts.0001_initial... OK
  Applying accounts.0002_permission_franchisemembership_gymmembership... OK
  Applying organizations.0002_gym_brand_color... OK
  Applying staff.0001_initial... OK
  Applying staff.0002_staffprofile_photo_incentiverule_salaryconfig_and_more... OK
  Applying staff.0003_incentiverule_staff... OK
  Applying staff.0004_stafftask... OK
  Applying staff.0005_alter_workshift_method... OK
  Applying clients.0001_initial... OK
  Applying clients.0002_clientmembership_clientsale_clientvisit... OK
  Applying clients.0003_clientgroup_parent_clientnote_type_clientdocument... OK
  Applying clients.0004_client_access_code... OK
  Applying clients.0005_clientsale_staff_clientvisit_staff... OK
  Applying activities.0001_initial... OK
  Applying activities.0002_cancellationpolicy_activity_cancellation_policy... OK
  Applying activities.0003_schedulerule_activitysession... OK
  Applying activities.0004_activity_color... OK
  Applying admin.0001_initial... OK
  Applying admin.0002_logentry_remove_auto_add... OK
  Applying admin.0003_logentry_add_action_flag_choices... OK
  Applying clients.0006_client_stripe_customer_id... OK
  Applying organizations.0003_gym_address_gym_city_gym_commercial_name_gym_country_and_more... OK
  Applying organizations.0004_gym_facebook_gym_instagram_gym_tiktok_gym_youtube... OK
  Applying finance.0001_initial... OK
  Applying finance.0002_remove_taxrate_rate_taxrate_gym_taxrate_rate_percent_and_more... OK
  Applying finance.0003_financesettings... OK
  Applying finance.0004_financesettings_redsys_environment_and_more... OK
  Applying finance.0005_alter_financesettings_options_clientredsystoken... OK
  Applying marketing.0001_initial... OK
  Applying marketing.0002_remove_popup_target_group_and_more... OK
  Applying services.0001_initial... OK
  Applying services.0002_alter_service_tax_rate_servicecategory_and_more... OK
  Applying services.0003_service_is_active_service_is_visible_online... OK
  Applying memberships.0001_initial... OK
  Applying memberships.0002_membershipplan_is_membership... OK
  Applying memberships.0003_remove_membershipplan_billing_cycle_and_more... OK
  Applying memberships.0004_membershipplan_contract_content_and_more... OK
  Applying products.0001_initial... OK
  Applying sales.0001_initial... OK
  Applying sales.0002_orderpayment_transaction_id... OK
  Applying services.0004_serviceappointment... OK
  Applying services.0005_service_color... OK
  Applying sessions.0001_initial... OK
System check identified no issues (0 silenced).
test_process_sale_and
_invoice (sales.tests
.SalesAPITest.test_pr
ocess_sale_and_invoic
e) ... ERROR

=====================
=====================
=====================
=======
ERROR: test_process_s
ale_and_invoice (sale
s.tests.SalesAPITest.
test_process_sale_and
_invoice)
---------------------
---------------------
---------------------
-------
Traceback (most 
recent call last):
  File "C:\Users\sant
i\OneDrive\Escritorio
\New_crm\sales\tests.
py", line 18, in 
setUp
    self.user = User.
objects.create_user(u
sername="staff", 
password="password")
                ^^^^^
^^^^^^^^^^^^^^^^^^^^^
^^^^^^^^^^^^^^^^^^^^^
^^^^^^^^^^^^^^^^
TypeError: UserManage
r.create_user() 
missing 1 required 
positional argument: 
'email'

---------------------
---------------------
---------------------
-------
Ran 1 test in 0.006s

FAILED (errors=1)
Destroying test 
database for alias 
'default' 
('test_new_gym')...

